// Jest Snapshot v1, https://goo.gl/fbAQLP

exports[`SuccessfulNewProductModal renders correctly 1`] = `<div />`;
