// Jest Snapshot v1, https://goo.gl/fbAQLP

exports[`SuccessfulBookingModal renders correctly 1`] = `<div />`;
